{"level":"info","message":"Logger initialized","service":"grep-app-server","timestamp":"2026-06-19 16:37:28"}
{"level":"info","message":"Starting FastMCP server in stdio mode","service":"grep-app-server","timestamp":"2026-06-19 16:37:28"}
{"level":"info","message":"Logger initialized","service":"grep-app-server","timestamp":"2026-06-19 16:37:28"}
{"level":"info","message":"Starting FastMCP server in stdio mode","service":"grep-app-server","timestamp":"2026-06-19 16:37:28"}
{"level":"info","message":"Client connected via stdio","service":"grep-app-server","sessionIdentifier":"3wau5y2n","timestamp":"2026-06-19 16:37:28"}
{"level":"info","message":"Client connected via stdio","service":"grep-app-server","sessionIdentifier":"bwwbtxn8","timestamp":"2026-06-19 16:37:28"}
{"level":"info","message":"FastMCP server started successfully in stdio mode","service":"grep-app-server","timestamp":"2026-06-19 16:37:28"}
{"level":"info","message":"FastMCP server started successfully in stdio mode","service":"grep-app-server","timestamp":"2026-06-19 16:37:28"}
{"level":"info","message":"Logger initialized","service":"grep-app-server","timestamp":"2026-06-19 16:37:40"}
{"level":"info","message":"Starting FastMCP server in stdio mode","service":"grep-app-server","timestamp":"2026-06-19 16:37:40"}
{"level":"info","message":"Logger initialized","service":"grep-app-server","timestamp":"2026-06-19 16:37:40"}
{"level":"info","message":"Starting FastMCP server in stdio mode","service":"grep-app-server","timestamp":"2026-06-19 16:37:40"}
{"level":"info","message":"Client connected via stdio","service":"grep-app-server","sessionIdentifier":"d8goxzx1","timestamp":"2026-06-19 16:37:41"}
{"level":"info","message":"Client connected via stdio","service":"grep-app-server","sessionIdentifier":"qafnmivk","timestamp":"2026-06-19 16:37:41"}
{"level":"info","message":"FastMCP server started successfully in stdio mode","service":"grep-app-server","timestamp":"2026-06-19 16:37:41"}
{"level":"info","message":"FastMCP server started successfully in stdio mode","service":"grep-app-server","timestamp":"2026-06-19 16:37:41"}
{"level":"info","message":"Logger initialized","service":"grep-app-server","timestamp":"2026-06-19 16:37:48"}
{"level":"info","message":"Starting FastMCP server in stdio mode","service":"grep-app-server","timestamp":"2026-06-19 16:37:48"}
{"level":"info","message":"Logger initialized","service":"grep-app-server","timestamp":"2026-06-19 16:37:48"}
{"level":"info","message":"Starting FastMCP server in stdio mode","service":"grep-app-server","timestamp":"2026-06-19 16:37:48"}
{"level":"info","message":"Client connected via stdio","service":"grep-app-server","sessionIdentifier":"ssnj2dyv","timestamp":"2026-06-19 16:37:48"}
{"level":"info","message":"FastMCP server started successfully in stdio mode","service":"grep-app-server","timestamp":"2026-06-19 16:37:48"}
{"level":"info","message":"Client connected via stdio","service":"grep-app-server","sessionIdentifier":"aiomekp0","timestamp":"2026-06-19 16:37:48"}
{"level":"info","message":"FastMCP server started successfully in stdio mode","service":"grep-app-server","timestamp":"2026-06-19 16:37:48"}
{"level":"info","message":"Logger initialized","service":"grep-app-server","timestamp":"2026-06-19 16:37:49"}
{"level":"info","message":"Starting FastMCP server in stdio mode","service":"grep-app-server","timestamp":"2026-06-19 16:37:49"}
{"level":"info","message":"Logger initialized","service":"grep-app-server","timestamp":"2026-06-19 16:37:49"}
{"level":"info","message":"Starting FastMCP server in stdio mode","service":"grep-app-server","timestamp":"2026-06-19 16:37:49"}
{"level":"info","message":"Client connected via stdio","service":"grep-app-server","sessionIdentifier":"y5dt53by","timestamp":"2026-06-19 16:37:49"}
{"level":"info","message":"Client connected via stdio","service":"grep-app-server","sessionIdentifier":"tkjugken","timestamp":"2026-06-19 16:37:49"}
{"level":"info","message":"FastMCP server started successfully in stdio mode","service":"grep-app-server","timestamp":"2026-06-19 16:37:49"}
{"level":"info","message":"FastMCP server started successfully in stdio mode","service":"grep-app-server","timestamp":"2026-06-19 16:37:49"}
